53592	GC	G	@53595
53595	A	T	frameshift|XDH|ENST00000379416|protein_coding|-|216LLR..1334>216I*|53592GC>G+53595A>T

53594	A	AGC	@53595
53595	ACT	A	missense&inframe_altering|XDH|ENST00000379416|protein_coding|-|215EL>215VL|53594A>AGC+53595ACT>A

53594	A	AGC	@53595
53595	A	ACTC	frameshift|XDH|ENST00000379416|protein_coding|-|216LLR..1334>216ECC*|53594A>AGC+53595A>ACTC

53594	A	AGC	@53595
53595	A	T	frameshift|XDH|ENST00000379416|protein_coding|-|216LLR..1334>216SC*|53594A>AGC+53595A>T

53594	AA	AGCT	frameshift|XDH|ENST00000379416|protein_coding|-|216LLR..1334>216SC*|53594AA>AGCT
