35750	C	CAAAAGA	inframe_insertion|ANKRD30B|ENST00000358984|protein_coding|+|353P>353QKK|35750C>CAAAAGA+35751C>A,inframe_insertion|ANKRD30B|ENST00000580206|NMD|+|353P>353QKK|35750C>CAAAAGA+35751C>A,inframe_insertion|ANKRD30B|ENST00000665241|protein_coding|+|353P>353QKK|35750C>CAAAAGA+35751C>A
35751	C	A	@35750

35750	C	CAAAAGA	inframe_insertion|ANKRD30B|ENST00000358984|protein_coding|+|353P>353QKK|35750C>CAAAAGA+35751C>A
35751	C	A	@35750

35750	CC	CAAAAGAA	inframe_insertion|ANKRD30B|ENST00000358984|protein_coding|+|353P>353QKK|35750CC>CAAAAGAA,inframe_insertion|ANKRD30B|ENST00000580206|NMD|+|353P>353QKK|35750CC>CAAAAGAA,inframe_insertion|ANKRD30B|ENST00000665241|protein_coding|+|353P>353QKK|35750CC>CAAAAGAA

35750	CC	CAAAAGAA	inframe_insertion|ANKRD30B|ENST00000358984|protein_coding|+|353P>353QKK|35750CC>CAAAAGAA

35750	CCAG	C	inframe_deletion|ANKRD30B|ENST00000358984|protein_coding|+|353PA>353P|35750CCAG>C+35755A>T,inframe_deletion|ANKRD30B|ENST00000580206|NMD|+|353PA>353P|35750CCAG>C+35755A>T,inframe_deletion|ANKRD30B|ENST00000665241|protein_coding|+|353PA>353P|35750CCAG>C+35755A>T
35755	A	T	@35750
35756	A	C	missense|ANKRD30B|ENST00000358984|protein_coding|+|355K>354Q|35756A>C,missense|ANKRD30B|ENST00000580206|NMD|+|355K>354Q|35756A>C,missense|ANKRD30B|ENST00000665241|protein_coding|+|355K>354Q|35756A>C

35750	CCAG	C	inframe_deletion|ANKRD30B|ENST00000358984|protein_coding|+|353PA>353P|35750CCAG>C+35755A>T
35755	A	T	@35750
35756	A	C	missense|ANKRD30B|ENST00000358984|protein_coding|+|355K>354Q|35756A>C

35750	CCAGCA	CCT	inframe_deletion|ANKRD30B|ENST00000358984|protein_coding|+|353PA>353P|35750CCAGCA>CCT
35756	A	C	missense|ANKRD30B|ENST00000358984|protein_coding|+|355K>354Q|35756A>C

35750	CCAG	C	missense&inframe_altering|ANKRD30B|ENST00000358984|protein_coding|+|353PA>353PP|35750CCAG>C+35755A>ACCT,missense&inframe_altering|ANKRD30B|ENST00000580206|NMD|+|353PA>353PP|35750CCAG>C+35755A>ACCT,missense&inframe_altering|ANKRD30B|ENST00000665241|protein_coding|+|353PA>353PP|35750CCAG>C+35755A>ACCT
35755	A	ACCT	@35750

35750	CCAG	C	missense&inframe_altering|ANKRD30B|ENST00000358984|protein_coding|+|353PA>353PP|35750CCAG>C+35755A>ACCT
35755	A	ACCT	@35750

35750	CCAGCA	CCACCT	missense|ANKRD30B|ENST00000358984|protein_coding|+|354A>354P|35750CCAGCA>CCACCT
