# [1]Sample	[2]Chromosome	[3]Region Start	[4]Region End	[5]Ploidy
S1	20	1	1	2
