# [1]Sample	[2]Chromosome	[3]Region Start	[4]Region End	[5]Ploidy
S1	20	1	1	2
S1	21	1	1	2
S1	22	1	1	2
S1	X	1	1	1
