>1
NNNNNNNNNNNNNNNNNNNNNNNNNNNNNNNNNNNNNNNNNNNNNNNNNNNNNNNNNNN
>2
NNNNNNNNNNNNNNNNNNNNNNNNNNNNNNNNNNNNNNNNNNNNNNNNNNNNNNNNNNNN
>3
NNNNNNNNNNNNNNNNNNNNNNNNNNNNNNATAACCTACGTATCAACTAAAGTGGTTGTT
C
>4
CCCCTACCATATGTGACATATAAAAAAGAACNNNNNNNNNNNNNNNNNNNNNNNNNNNNN
NN
