>chr19:1048895-1049005
GCCAGTACGGGATCCCTGAACCATGGAATTTTCCTTTTCGGAGGAGCTACTGGTGCGGAC
CTCGGCCCCCCAAGAGTCCAGCCCCTTGCCCCACCCCGCTGGACCCAAAGG
