##fileformat=VCFv4.2
##FILTER=<ID=PASS,Description="All filters passed">
##contig=<ID=1,length=249250621>
#CHROM	POS	ID	REF	ALT	QUAL	FILTER	INFO
1	10	.	G	.	.	.	.
1	10	.	g	gTC	.	.	.
1	10	.	g	gtC	.	.	.
1	13	.	T	.	.	.	.
1	14	.	a	aGC	.	.	.
