##fileformat=VCFv4.2
##FILTER=<ID=PASS,Description="All filters passed">
##contig=<ID=1,length=249250621>
##FORMAT=<ID=GT,Number=1,Type=String,Description="Genotype">
#CHROM	POS	ID	REF	ALT	QUAL	FILTER	INFO	FORMAT	sample
1	10	.	T	C,TAC,TATAC,TATATAC,TATATATAC	.	.	.	GT	3/1
