chr1	90	outsv1	A	ATGC	.	.	END=99
chr1	90	sv1	A	ATGC	.	.	END=100
chr1	90	sv2	A	ATGC	.	.	END=110
chr1	95	d1	AATGCATGCATGCATGCATGC	A	.	.	.
chr1	98	outd1	AT	A	.	.	.
chr1	98	d2	ATT	A	.	.	.
chr1	98	outi1	A	AT	.	.	.
chr1	99	outs1	A	T	.	.	.
chr1	99	d3	AT	A	.	.	.
chr1	99	outi2	A	AT	.	.	.
chr1	99	outi3	A	ATTTT	.	.	.
chr1	201	outs2	A	T	.	.	.
chr1	201	outd3	AT	A	.	.	.
chr1	201	outi5	A	ATTTT	.	.	.
