chr1	36	.	A	C	.	.	AC=2;AN=6	GT:GQ:MIN_DP:PL:DP:AD:VAF:DNM:VA	0/0:1:0:0,.,.:.:.:.:1:0	1/1:8:.:28,7,0:10:0,10:1:.:.	0/0:18:6:0,.,.:.:.:.:.:.
